﻿
> internship-management-system@0.0.0 build
> vite build

[36mvite v8.0.3 [32mbuilding client environment for production...[36m[39m
[2K
node.exe : 11:52:47 AM [vite-plugin-svelte] 
src/app/pages/SupervisorActivity.svelte:2:13 Component has unused export 
property 'currentUser'. If it is for external reference only, please consider 
using `export const currentUser`
At line:1 char:1
+ & "C:\Program Files\nodejs/node.exe" "C:\Program Files\nodejs/node_mo ...
+ ~~~~~~~~~~~~~~~~~~~~~~~~~~~~~~~~~~~~~~~~~~~~~~~~~~~~~~~~~~~~~~~~~~~~~
    + CategoryInfo          : NotSpecified: (11:52:47 AM [vi...st currentUser` 
   :String) [], RemoteException
    + FullyQualifiedErrorId : NativeCommandError
 
https://svelte.dev/e/export_let_unused
1: <script>
2:   export let currentUser = null;
                           ^
3: </script>
4: 
11:52:49 AM [vite-plugin-svelte] src/app/pages/Dashboard.svelte:853:2 Unused 
CSS selector ".field-display span"
https://svelte.dev/e/css_unused_selector
851:   }
852: 
853:   .field-display span {
                          ^
854:     font-size: 0.85rem;
855:     font-weight: 700;
11:52:49 AM [vite-plugin-svelte] src/app/pages/Dashboard.svelte:859:2 Unused 
CSS selector ".field-display p"
https://svelte.dev/e/css_unused_selector
857:   }
858: 
859:   .field-display p {
                       ^
860:     margin: 0;
861:     font-size: 0.95rem;
11:52:49 AM [vite-plugin-svelte] src/app/pages/Dashboard.svelte:1296:2 Unused 
CSS selector ":global(.dark) .field-display span"
https://svelte.dev/e/css_unused_selector
1294:   }
1295: 
1296:   :global(.dark) .field-display span {
                                          ^
1297:     color: #b7cde8;
1298:   }
11:52:49 AM [vite-plugin-svelte] src/app/pages/LoginPage.svelte:226:1 Unused 
CSS selector ".brand-kicker"
https://svelte.dev/e/css_unused_selector
224:   }
225: 
226:   .brand-kicker {
                    ^
227:     margin: 0;
228:     font-size: 0.76rem;
11:52:49 AM [vite-plugin-svelte] src/app/pages/LoginPage.svelte:279:1 Unused 
CSS selector ".product-tag"
https://svelte.dev/e/css_unused_selector
277:   }
278: 
279:   .product-tag {
                   ^
280:     margin: 0;
281:     font-size: 0.72rem;
11:52:49 AM [vite-plugin-svelte] src/app/pages/Documents.svelte:748:4 Visible, 
non-interactive elements with a click event must be accompanied by a keyboard 
event handler. Consider whether an interactive element such as `<button 
type="button">` or `<a>` might be more appropriate
https://svelte.dev/e/a11y_click_events_have_key_events
746:   <!-- Upload Modal -->
747:   {#if showUploadModal}
748:     <div class="modal-overlay" on:click={() => (showUploadModal = false)}>
               ^
749:       <div class="modal" on:click={(e) => e.stopPropagation()}>
750:         <div class="modal-header">
11:52:49 AM [vite-plugin-svelte] src/app/pages/Documents.svelte:748:4 `<div>` 
with a click handler must have an ARIA role
https://svelte.dev/e/a11y_no_static_element_interactions
746:   <!-- Upload Modal -->
747:   {#if showUploadModal}
748:     <div class="modal-overlay" on:click={() => (showUploadModal = false)}>
               ^
749:       <div class="modal" on:click={(e) => e.stopPropagation()}>
750:         <div class="modal-header">
11:52:49 AM [vite-plugin-svelte] src/app/pages/Documents.svelte:749:6 Visible, 
non-interactive elements with a click event must be accompanied by a keyboard 
event handler. Consider whether an interactive element such as `<button 
type="button">` or `<a>` might be more appropriate
https://svelte.dev/e/a11y_click_events_have_key_events
747:   {#if showUploadModal}
748:     <div class="modal-overlay" on:click={() => (showUploadModal = false)}>
749:       <div class="modal" on:click={(e) => e.stopPropagation()}>
                 ^
750:         <div class="modal-header">
751:           <h2>Upload Document</h2>
11:52:49 AM [vite-plugin-svelte] src/app/pages/Documents.svelte:749:6 `<div>` 
with a click handler must have an ARIA role
https://svelte.dev/e/a11y_no_static_element_interactions
747:   {#if showUploadModal}
748:     <div class="modal-overlay" on:click={() => (showUploadModal = false)}>
749:       <div class="modal" on:click={(e) => e.stopPropagation()}>
                 ^
750:         <div class="modal-header">
751:           <h2>Upload Document</h2>
11:52:49 AM [vite-plugin-svelte] src/app/pages/Documents.svelte:758:12 A form 
label must be associated with a control
https://svelte.dev/e/a11y_label_has_associated_control
756:           <!-- Folder Selection Tabs -->
757:           <div class="form-group">
758:             <label>Select Folder</label>
                                             ^
759:             <div class="folder-tabs">
760:               <button
11:52:49 AM [vite-plugin-svelte] src/app/pages/Documents.svelte:809:4 Visible, 
non-interactive elements with a click event must be accompanied by a keyboard 
event handler. Consider whether an interactive element such as `<button 
type="button">` or `<a>` might be more appropriate
https://svelte.dev/e/a11y_click_events_have_key_events
807:   <!-- Upload Preview Modal -->
808:   {#if showUploadPreview && pendingFilePreview}
809:     <div class="modal-overlay" on:click={() => cancelUpload()}>
               ^
810:       <div class="modal" on:click={(e) => e.stopPropagation()}>
811:         <div class="modal-header">
11:52:49 AM [vite-plugin-svelte] src/app/pages/Documents.svelte:809:4 `<div>` 
with a click handler must have an ARIA role
https://svelte.dev/e/a11y_no_static_element_interactions
807:   <!-- Upload Preview Modal -->
808:   {#if showUploadPreview && pendingFilePreview}
809:     <div class="modal-overlay" on:click={() => cancelUpload()}>
               ^
810:       <div class="modal" on:click={(e) => e.stopPropagation()}>
811:         <div class="modal-header">
11:52:49 AM [vite-plugin-svelte] src/app/pages/Documents.svelte:810:6 Visible, 
non-interactive elements with a click event must be accompanied by a keyboard 
event handler. Consider whether an interactive element such as `<button 
type="button">` or `<a>` might be more appropriate
https://svelte.dev/e/a11y_click_events_have_key_events
808:   {#if showUploadPreview && pendingFilePreview}
809:     <div class="modal-overlay" on:click={() => cancelUpload()}>
810:       <div class="modal" on:click={(e) => e.stopPropagation()}>
                 ^
811:         <div class="modal-header">
812:           <h2>Review Document</h2>
11:52:49 AM [vite-plugin-svelte] src/app/pages/Documents.svelte:810:6 `<div>` 
with a click handler must have an ARIA role
https://svelte.dev/e/a11y_no_static_element_interactions
808:   {#if showUploadPreview && pendingFilePreview}
809:     <div class="modal-overlay" on:click={() => cancelUpload()}>
810:       <div class="modal" on:click={(e) => e.stopPropagation()}>
                 ^
811:         <div class="modal-header">
812:           <h2>Review Document</h2>
11:52:49 AM [vite-plugin-svelte] src/app/pages/Documents.svelte:875:4 Visible, 
non-interactive elements with a click event must be accompanied by a keyboard 
event handler. Consider whether an interactive element such as `<button 
type="button">` or `<a>` might be more appropriate
https://svelte.dev/e/a11y_click_events_have_key_events
873:   <!-- Link Modal -->
874:   {#if showLinkModal}
875:     <div class="modal-overlay" on:click={() => (showLinkModal = false)}>
               ^
876:       <div class="modal" on:click={(e) => e.stopPropagation()}>
877:         <div class="modal-header">
11:52:49 AM [vite-plugin-svelte] src/app/pages/Documents.svelte:875:4 `<div>` 
with a click handler must have an ARIA role
https://svelte.dev/e/a11y_no_static_element_interactions
873:   <!-- Link Modal -->
874:   {#if showLinkModal}
875:     <div class="modal-overlay" on:click={() => (showLinkModal = false)}>
               ^
876:       <div class="modal" on:click={(e) => e.stopPropagation()}>
877:         <div class="modal-header">
11:52:49 AM [vite-plugin-svelte] src/app/pages/Documents.svelte:876:6 Visible, 
non-interactive elements with a click event must be accompanied by a keyboard 
event handler. Consider whether an interactive element such as `<button 
type="button">` or `<a>` might be more appropriate
https://svelte.dev/e/a11y_click_events_have_key_events
874:   {#if showLinkModal}
875:     <div class="modal-overlay" on:click={() => (showLinkModal = false)}>
876:       <div class="modal" on:click={(e) => e.stopPropagation()}>
                 ^
877:         <div class="modal-header">
878:           <h2>Add Link</h2>
11:52:49 AM [vite-plugin-svelte] src/app/pages/Documents.svelte:876:6 `<div>` 
with a click handler must have an ARIA role
https://svelte.dev/e/a11y_no_static_element_interactions
874:   {#if showLinkModal}
875:     <div class="modal-overlay" on:click={() => (showLinkModal = false)}>
876:       <div class="modal" on:click={(e) => e.stopPropagation()}>
                 ^
877:         <div class="modal-header">
878:           <h2>Add Link</h2>
11:52:49 AM [vite-plugin-svelte] src/app/pages/Documents.svelte:885:12 A form 
label must be associated with a control
https://svelte.dev/e/a11y_label_has_associated_control
883:           <!-- Folder Selection Tabs -->
884:           <div class="form-group">
885:             <label>Select Folder</label>
                                             ^
886:             <div class="folder-tabs">
887:               <button
11:52:49 AM [vite-plugin-svelte] src/app/pages/Documents.svelte:943:4 Visible, 
non-interactive elements with a click event must be accompanied by a keyboard 
event handler. Consider whether an interactive element such as `<button 
type="button">` or `<a>` might be more appropriate
https://svelte.dev/e/a11y_click_events_have_key_events
941:   <!-- Create Folder Modal -->
942:   {#if showCreateFolderModal}
943:     <div class="modal-overlay" on:click={() => (showCreateFolderModal = 
false)}>
               ^
944:       <div class="modal" on:click={(e) => e.stopPropagation()}>
945:         <div class="modal-header">
11:52:49 AM [vite-plugin-svelte] src/app/pages/Documents.svelte:943:4 `<div>` 
with a click handler must have an ARIA role
https://svelte.dev/e/a11y_no_static_element_interactions
941:   <!-- Create Folder Modal -->
942:   {#if showCreateFolderModal}
943:     <div class="modal-overlay" on:click={() => (showCreateFolderModal = 
false)}>
               ^
944:       <div class="modal" on:click={(e) => e.stopPropagation()}>
945:         <div class="modal-header">
11:52:49 AM [vite-plugin-svelte] src/app/pages/Documents.svelte:944:6 Visible, 
non-interactive elements with a click event must be accompanied by a keyboard 
event handler. Consider whether an interactive element such as `<button 
type="button">` or `<a>` might be more appropriate
https://svelte.dev/e/a11y_click_events_have_key_events
942:   {#if showCreateFolderModal}
943:     <div class="modal-overlay" on:click={() => (showCreateFolderModal = 
false)}>
944:       <div class="modal" on:click={(e) => e.stopPropagation()}>
                 ^
945:         <div class="modal-header">
946:           <h2>Create Folder</h2>
11:52:49 AM [vite-plugin-svelte] src/app/pages/Documents.svelte:944:6 `<div>` 
with a click handler must have an ARIA role
https://svelte.dev/e/a11y_no_static_element_interactions
942:   {#if showCreateFolderModal}
943:     <div class="modal-overlay" on:click={() => (showCreateFolderModal = 
false)}>
944:       <div class="modal" on:click={(e) => e.stopPropagation()}>
                 ^
945:         <div class="modal-header">
946:           <h2>Create Folder</h2>
11:52:49 AM [vite-plugin-svelte] src/app/pages/Documents.svelte:981:4 Visible, 
non-interactive elements with a click event must be accompanied by a keyboard 
event handler. Consider whether an interactive element such as `<button 
type="button">` or `<a>` might be more appropriate
https://svelte.dev/e/a11y_click_events_have_key_events
979:   <!-- Rename Folder Modal -->
980:   {#if showRenameFolderModal && folderToRename}
981:     <div class="modal-overlay" on:click={() => (showRenameFolderModal = 
false)}>
               ^
982:       <div class="modal" on:click={(e) => e.stopPropagation()}>
983:         <div class="modal-header">
11:52:49 AM [vite-plugin-svelte] src/app/pages/Documents.svelte:981:4 `<div>` 
with a click handler must have an ARIA role
https://svelte.dev/e/a11y_no_static_element_interactions
979:   <!-- Rename Folder Modal -->
980:   {#if showRenameFolderModal && folderToRename}
981:     <div class="modal-overlay" on:click={() => (showRenameFolderModal = 
false)}>
               ^
982:       <div class="modal" on:click={(e) => e.stopPropagation()}>
983:         <div class="modal-header">
11:52:49 AM [vite-plugin-svelte] src/app/pages/Documents.svelte:982:6 Visible, 
non-interactive elements with a click event must be accompanied by a keyboard 
event handler. Consider whether an interactive element such as `<button 
type="button">` or `<a>` might be more appropriate
https://svelte.dev/e/a11y_click_events_have_key_events
980:   {#if showRenameFolderModal && folderToRename}
981:     <div class="modal-overlay" on:click={() => (showRenameFolderModal = 
false)}>
982:       <div class="modal" on:click={(e) => e.stopPropagation()}>
                 ^
983:         <div class="modal-header">
984:           <h2>Rename Folder</h2>
11:52:49 AM [vite-plugin-svelte] src/app/pages/Documents.svelte:982:6 `<div>` 
with a click handler must have an ARIA role
https://svelte.dev/e/a11y_no_static_element_interactions
980:   {#if showRenameFolderModal && folderToRename}
981:     <div class="modal-overlay" on:click={() => (showRenameFolderModal = 
false)}>
982:       <div class="modal" on:click={(e) => e.stopPropagation()}>
                 ^
983:         <div class="modal-header">
984:           <h2>Rename Folder</h2>
11:52:49 AM [vite-plugin-svelte] src/app/pages/Documents.svelte:1014:4 
Visible, non-interactive elements with a click event must be accompanied by a 
keyboard event handler. Consider whether an interactive element such as 
`<button type="button">` or `<a>` might be more appropriate
https://svelte.dev/e/a11y_click_events_have_key_events
1012:   <!-- Delete Folder Confirmation Modal -->
1013:   {#if showDeleteFolderConfirm && folderToDelete}
1014:     <div class="modal-overlay" on:click={() => (showDeleteFolderConfirm 
= false)}>
                ^
1015:       <div class="modal" on:click={(e) => e.stopPropagation()}>
1016:         <div class="modal-header">
11:52:49 AM [vite-plugin-svelte] src/app/pages/Documents.svelte:1014:4 `<div>` 
with a click handler must have an ARIA role
https://svelte.dev/e/a11y_no_static_element_interactions
1012:   <!-- Delete Folder Confirmation Modal -->
1013:   {#if showDeleteFolderConfirm && folderToDelete}
1014:     <div class="modal-overlay" on:click={() => (showDeleteFolderConfirm 
= false)}>
                ^
1015:       <div class="modal" on:click={(e) => e.stopPropagation()}>
1016:         <div class="modal-header">
11:52:49 AM [vite-plugin-svelte] src/app/pages/Documents.svelte:1015:6 
Visible, non-interactive elements with a click event must be accompanied by a 
keyboard event handler. Consider whether an interactive element such as 
`<button type="button">` or `<a>` might be more appropriate
https://svelte.dev/e/a11y_click_events_have_key_events
1013:   {#if showDeleteFolderConfirm && folderToDelete}
1014:     <div class="modal-overlay" on:click={() => (showDeleteFolderConfirm 
= false)}>
1015:       <div class="modal" on:click={(e) => e.stopPropagation()}>
                  ^
1016:         <div class="modal-header">
1017:           <h2>Delete Folder</h2>
11:52:49 AM [vite-plugin-svelte] src/app/pages/Documents.svelte:1015:6 `<div>` 
with a click handler must have an ARIA role
https://svelte.dev/e/a11y_no_static_element_interactions
1013:   {#if showDeleteFolderConfirm && folderToDelete}
1014:     <div class="modal-overlay" on:click={() => (showDeleteFolderConfirm 
= false)}>
1015:       <div class="modal" on:click={(e) => e.stopPropagation()}>
                  ^
1016:         <div class="modal-header">
1017:           <h2>Delete Folder</h2>
11:52:49 AM [vite-plugin-svelte] src/app/pages/Documents.svelte:1040:4 
Visible, non-interactive elements with a click event must be accompanied by a 
keyboard event handler. Consider whether an interactive element such as 
`<button type="button">` or `<a>` might be more appropriate
https://svelte.dev/e/a11y_click_events_have_key_events
1038:   <!-- Share Modal -->
1039:   {#if showShareModal && selectedDocForShare}
1040:     <div class="modal-overlay" on:click={() => (showShareModal = false)}>
                ^
1041:       <div class="modal" on:click={(e) => e.stopPropagation()}>
1042:         <div class="modal-header">
11:52:49 AM [vite-plugin-svelte] src/app/pages/Documents.svelte:1040:4 `<div>` 
with a click handler must have an ARIA role
https://svelte.dev/e/a11y_no_static_element_interactions
1038:   <!-- Share Modal -->
1039:   {#if showShareModal && selectedDocForShare}
1040:     <div class="modal-overlay" on:click={() => (showShareModal = false)}>
                ^
1041:       <div class="modal" on:click={(e) => e.stopPropagation()}>
1042:         <div class="modal-header">
11:52:49 AM [vite-plugin-svelte] src/app/pages/Documents.svelte:1041:6 
Visible, non-interactive elements with a click event must be accompanied by a 
keyboard event handler. Consider whether an interactive element such as 
`<button type="button">` or `<a>` might be more appropriate
https://svelte.dev/e/a11y_click_events_have_key_events
1039:   {#if showShareModal && selectedDocForShare}
1040:     <div class="modal-overlay" on:click={() => (showShareModal = false)}>
1041:       <div class="modal" on:click={(e) => e.stopPropagation()}>
                  ^
1042:         <div class="modal-header">
1043:           <h2>Share "{selectedDocForShare.name}"</h2>
11:52:49 AM [vite-plugin-svelte] src/app/pages/Documents.svelte:1041:6 `<div>` 
with a click handler must have an ARIA role
https://svelte.dev/e/a11y_no_static_element_interactions
1039:   {#if showShareModal && selectedDocForShare}
1040:     <div class="modal-overlay" on:click={() => (showShareModal = false)}>
1041:       <div class="modal" on:click={(e) => e.stopPropagation()}>
                  ^
1042:         <div class="modal-header">
1043:           <h2>Share "{selectedDocForShare.name}"</h2>
11:52:49 AM [vite-plugin-svelte] src/app/pages/Documents.svelte:1050:12 A form 
label must be associated with a control
https://svelte.dev/e/a11y_label_has_associated_control
1048:           <!-- Shareable Link -->
1049:           <div class="form-group">
1050:             <label>Shareable Link</label>
                                               ^
1051:             <div class="share-link-box">
1052:               <input
transforming...Γ£ô 3774 modules transformed.
rendering chunks...
computing gzip size...
dist/index.html                   0.45 kB Γöé gzip:  0.29 kB
dist/assets/hero-5sT3BiRD.png    44.91 kB
dist/assets/index-nzrREc7L.css  153.71 kB Γöé gzip: 25.73 kB
dist/assets/index-CR1Riu9w.js   298.39 kB Γöé gzip: 81.62 kB

[33m[33m[PLUGIN_TIMINGS] Warning:[0m Your build spent significant time in 
plugins. Here is a breakdown:
  - vite-plugin-svelte:load-custom (74%)
  - vite-plugin-svelte:compile (25%)
See https://rolldown.rs/options/checks#plugintimings for more details.
[39m
[32mΓ£ô built in 4.10s[39m
